<html>
<body>
<pre>
<h1>µVision Build Log</h1>
<h2>Project:</h2>
C:\Users\Student\Documents\maskeryo\ARM code\test\test.uvproj
Project File Date:  02/12/2013

<h2>Output:</h2>
Build target 'QuadrocopterFirmware'
compiling motion.c...
motion.c(36): error:  #20: identifier "shortAverage" is undefined
Target not created
Build target 'QuadrocopterFirmware'
compiling motion.c...
linking...
Program Size: Code=19392 RO-data=1608 RW-data=1644 ZI-data=3172  
User command #1: makebin.bat
C:\Users\Student\Documents\maskeryo\ARM code\test>"C:\Keil\ARM\ARMCC\bin\fromelf.exe" test.axf --bin --output out.bin 
"test.axf" - 0 Error(s), 0 Warning(s).
"C:\Program Files\Luminary Micro\LM Flash Programmer\LMFlash.exe" 
Build target 'QuadrocopterFirmware'
compiling motion.c...
linking...
Program Size: Code=19508 RO-data=1604 RW-data=1644 ZI-data=3172  
User command #1: makebin.bat
C:\Users\Student\Documents\maskeryo\ARM code\test>"C:\Keil\ARM\ARMCC\bin\fromelf.exe" test.axf --bin --output out.bin 
"test.axf" - 0 Error(s), 0 Warning(s).
"C:\Program Files\Luminary Micro\LM Flash Programmer\LMFlash.exe" 
Build target 'QuadrocopterFirmware'
compiling motion.c...
linking...
Program Size: Code=19508 RO-data=1604 RW-data=1644 ZI-data=3172  
User command #1: makebin.bat
C:\Users\Student\Documents\maskeryo\ARM code\test>"C:\Keil\ARM\ARMCC\bin\fromelf.exe" test.axf --bin --output out.bin 
"test.axf" - 0 Error(s), 0 Warning(s).
"C:\Program Files\Luminary Micro\LM Flash Programmer\LMFlash.exe" 
Build target 'QuadrocopterFirmware'
compiling motion.c...
linking...
Program Size: Code=19564 RO-data=1604 RW-data=1644 ZI-data=3172  
User command #1: makebin.bat
C:\Users\Student\Documents\maskeryo\ARM code\test>"C:\Keil\ARM\ARMCC\bin\fromelf.exe" test.axf --bin --output out.bin 
"test.axf" - 0 Error(s), 0 Warning(s).
"C:\Program Files\Luminary Micro\LM Flash Programmer\LMFlash.exe" 
Build target 'QuadrocopterFirmware'
compiling motion.c...
linking...
Program Size: Code=19564 RO-data=1604 RW-data=1644 ZI-data=3172  
User command #1: makebin.bat
C:\Users\Student\Documents\maskeryo\ARM code\test>"C:\Keil\ARM\ARMCC\bin\fromelf.exe" test.axf --bin --output out.bin 
"test.axf" - 0 Error(s), 0 Warning(s).
"C:\Program Files\Luminary Micro\LM Flash Programmer\LMFlash.exe" 
Build target 'QuadrocopterFirmware'
compiling motion.c...
linking...
Program Size: Code=19556 RO-data=1604 RW-data=1644 ZI-data=3172  
User command #1: makebin.bat
C:\Users\Student\Documents\maskeryo\ARM code\test>"C:\Keil\ARM\ARMCC\bin\fromelf.exe" test.axf --bin --output out.bin 
"test.axf" - 0 Error(s), 0 Warning(s).
"C:\Program Files\Luminary Micro\LM Flash Programmer\LMFlash.exe" 
Build target 'QuadrocopterFirmware'
compiling motion.c...
linking...
Program Size: Code=19556 RO-data=1604 RW-data=1644 ZI-data=3172  
User command #1: makebin.bat
C:\Users\Student\Documents\maskeryo\ARM code\test>"C:\Keil\ARM\ARMCC\bin\fromelf.exe" test.axf --bin --output out.bin 
"test.axf" - 0 Error(s), 0 Warning(s).
"C:\Program Files\Luminary Micro\LM Flash Programmer\LMFlash.exe" 
Build target 'QuadrocopterFirmware'
compiling motion.c...
linking...
Program Size: Code=19496 RO-data=1608 RW-data=1644 ZI-data=3172  
User command #1: makebin.bat
C:\Users\Student\Documents\maskeryo\ARM code\test>"C:\Keil\ARM\ARMCC\bin\fromelf.exe" test.axf --bin --output out.bin 
"test.axf" - 0 Error(s), 0 Warning(s).
"C:\Program Files\Luminary Micro\LM Flash Programmer\LMFlash.exe" 
Build target 'QuadrocopterFirmware'
compiling motion.c...
linking...
Program Size: Code=19528 RO-data=1608 RW-data=1644 ZI-data=3172  
User command #1: makebin.bat
C:\Users\Student\Documents\maskeryo\ARM code\test>"C:\Keil\ARM\ARMCC\bin\fromelf.exe" test.axf --bin --output out.bin 
"test.axf" - 0 Error(s), 0 Warning(s).
"C:\Program Files\Luminary Micro\LM Flash Programmer\LMFlash.exe" 
Build target 'QuadrocopterFirmware'
compiling motion.c...
linking...
Program Size: Code=19732 RO-data=1596 RW-data=1644 ZI-data=3172  
User command #1: makebin.bat
C:\Users\Student\Documents\maskeryo\ARM code\test>"C:\Keil\ARM\ARMCC\bin\fromelf.exe" test.axf --bin --output out.bin 
"test.axf" - 0 Error(s), 0 Warning(s).
"C:\Program Files\Luminary Micro\LM Flash Programmer\LMFlash.exe" 
Build target 'QuadrocopterFirmware'
compiling motion.c...
linking...
Program Size: Code=19792 RO-data=1600 RW-data=1644 ZI-data=3172  
User command #1: makebin.bat
C:\Users\Student\Documents\maskeryo\ARM code\test>"C:\Keil\ARM\ARMCC\bin\fromelf.exe" test.axf --bin --output out.bin 
"test.axf" - 0 Error(s), 0 Warning(s).
"C:\Program Files\Luminary Micro\LM Flash Programmer\LMFlash.exe" 
Build target 'QuadrocopterFirmware'
compiling motion.c...
motion.c(54): warning:  #550-D: variable "latestAccelSq" was set but never used
linking...
Program Size: Code=19576 RO-data=1608 RW-data=1644 ZI-data=3172  
User command #1: makebin.bat
C:\Users\Student\Documents\maskeryo\ARM code\test>"C:\Keil\ARM\ARMCC\bin\fromelf.exe" test.axf --bin --output out.bin 
"test.axf" - 0 Error(s), 1 Warning(s).
"C:\Program Files\Luminary Micro\LM Flash Programmer\LMFlash.exe" 
Build target 'QuadrocopterFirmware'
compiling motion.c...
motion.c(54): warning:  #550-D: variable "latestAccelSq" was set but never used
linking...
Program Size: Code=19580 RO-data=1604 RW-data=1644 ZI-data=3172  
User command #1: makebin.bat
C:\Users\Student\Documents\maskeryo\ARM code\test>"C:\Keil\ARM\ARMCC\bin\fromelf.exe" test.axf --bin --output out.bin 
"test.axf" - 0 Error(s), 1 Warning(s).
"C:\Program Files\Luminary Micro\LM Flash Programmer\LMFlash.exe" 
Build target 'QuadrocopterFirmware'
compiling motion.c...
motion.c(55): warning:  #550-D: variable "latestAccelSq" was set but never used
linking...
Program Size: Code=19624 RO-data=1608 RW-data=1644 ZI-data=3172  
User command #1: makebin.bat
C:\Users\Student\Documents\maskeryo\ARM code\test>"C:\Keil\ARM\ARMCC\bin\fromelf.exe" test.axf --bin --output out.bin 
"test.axf" - 0 Error(s), 1 Warning(s).
"C:\Program Files\Luminary Micro\LM Flash Programmer\LMFlash.exe" 
Build target 'QuadrocopterFirmware'
compiling sensor.c...
compiling motion.c...
motion.c(55): warning:  #550-D: variable "latestAccelSq" was set but never used
linking...
Program Size: Code=19624 RO-data=1608 RW-data=1644 ZI-data=3172  
User command #1: makebin.bat
C:\Users\Student\Documents\maskeryo\ARM code\test>"C:\Keil\ARM\ARMCC\bin\fromelf.exe" test.axf --bin --output out.bin 
"test.axf" - 0 Error(s), 1 Warning(s).
"C:\Program Files\Luminary Micro\LM Flash Programmer\LMFlash.exe" 
Build target 'QuadrocopterFirmware'
compiling motion.c...
motion.c(55): warning:  #550-D: variable "latestAccelSq" was set but never used
linking...
Program Size: Code=19628 RO-data=1604 RW-data=1644 ZI-data=3172  
User command #1: makebin.bat
C:\Users\Student\Documents\maskeryo\ARM code\test>"C:\Keil\ARM\ARMCC\bin\fromelf.exe" test.axf --bin --output out.bin 
"test.axf" - 0 Error(s), 1 Warning(s).
"C:\Program Files\Luminary Micro\LM Flash Programmer\LMFlash.exe" 
Build target 'QuadrocopterFirmware'
compiling motion.c...
motion.c(55): warning:  #550-D: variable "latestAccelSq" was set but never used
linking...
Program Size: Code=19628 RO-data=1604 RW-data=1644 ZI-data=3172  
User command #1: makebin.bat
C:\Users\Student\Documents\maskeryo\ARM code\test>"C:\Keil\ARM\ARMCC\bin\fromelf.exe" test.axf --bin --output out.bin 
"test.axf" - 0 Error(s), 1 Warning(s).
"C:\Program Files\Luminary Micro\LM Flash Programmer\LMFlash.exe" 
Build target 'QuadrocopterFirmware'
compiling motion.c...
motion.c(55): warning:  #550-D: variable "latestAccelSq" was set but never used
linking...
Program Size: Code=19724 RO-data=1604 RW-data=1644 ZI-data=3172  
User command #1: makebin.bat
C:\Users\Student\Documents\maskeryo\ARM code\test>"C:\Keil\ARM\ARMCC\bin\fromelf.exe" test.axf --bin --output out.bin 
"test.axf" - 0 Error(s), 1 Warning(s).
"C:\Program Files\Luminary Micro\LM Flash Programmer\LMFlash.exe" 
Build target 'QuadrocopterFirmware'
compiling motion.c...
motion.c(55): warning:  #550-D: variable "latestAccelSq" was set but never used
linking...
Program Size: Code=19716 RO-data=1604 RW-data=1644 ZI-data=3172  
User command #1: makebin.bat
C:\Users\Student\Documents\maskeryo\ARM code\test>"C:\Keil\ARM\ARMCC\bin\fromelf.exe" test.axf --bin --output out.bin 
"test.axf" - 0 Error(s), 1 Warning(s).
"C:\Program Files\Luminary Micro\LM Flash Programmer\LMFlash.exe" 
Build target 'QuadrocopterFirmware'
compiling motion.c...
motion.c(55): warning:  #550-D: variable "latestAccelSq" was set but never used
linking...
Program Size: Code=19708 RO-data=1604 RW-data=1644 ZI-data=3172  
User command #1: makebin.bat
C:\Users\Student\Documents\maskeryo\ARM code\test>"C:\Keil\ARM\ARMCC\bin\fromelf.exe" test.axf --bin --output out.bin 
"test.axf" - 0 Error(s), 1 Warning(s).
"C:\Program Files\Luminary Micro\LM Flash Programmer\LMFlash.exe" 
Build target 'QuadrocopterFirmware'
compiling motion.c...
linking...
Program Size: Code=19928 RO-data=1600 RW-data=1644 ZI-data=3172  
User command #1: makebin.bat
C:\Users\Student\Documents\maskeryo\ARM code\test>"C:\Keil\ARM\ARMCC\bin\fromelf.exe" test.axf --bin --output out.bin 
"test.axf" - 0 Error(s), 0 Warning(s).
Rebuild target 'QuadrocopterFirmware'
assembling Startup.s...
compiling main.c...
compiling ssi.c...
compiling rit128x96x4.c...
compiling pwm.c...
compiling fpu.c...
compiling i2c.c...
compiling usart.c...
compiling mypwm.c...
compiling iic.c...
compiling timer.c...
compiling queue.c...
compiling init.c...
compiling motor.c...
compiling sensor.c...
compiling pid.c...
compiling system.c...
compiling behaviour.c...
compiling motion.c...
compiling flight.c...
linking...
Program Size: Code=19928 RO-data=1600 RW-data=1644 ZI-data=3172  
User command #1: makebin.bat
C:\Users\Student\Documents\maskeryo\ARM code\test>"C:\Keil\ARM\ARMCC\bin\fromelf.exe" test.axf --bin --output out.bin 
"test.axf" - 0 Error(s), 0 Warning(s).
"C:\Program Files\Luminary Micro\LM Flash Programmer\LMFlash.exe" 
Build target 'QuadrocopterFirmware'
compiling motion.c...
linking...
Program Size: Code=20296 RO-data=1608 RW-data=1644 ZI-data=3172  
User command #1: makebin.bat
C:\Users\Student\Documents\maskeryo\ARM code\test>"C:\Keil\ARM\ARMCC\bin\fromelf.exe" test.axf --bin --output out.bin 
"test.axf" - 0 Error(s), 0 Warning(s).
"C:\Program Files\Luminary Micro\LM Flash Programmer\LMFlash.exe" 
Build target 'QuadrocopterFirmware'
compiling motion.c...
linking...
Program Size: Code=20324 RO-data=1604 RW-data=1644 ZI-data=3172  
User command #1: makebin.bat
C:\Users\Student\Documents\maskeryo\ARM code\test>"C:\Keil\ARM\ARMCC\bin\fromelf.exe" test.axf --bin --output out.bin 
"test.axf" - 0 Error(s), 0 Warning(s).
"C:\Program Files\Luminary Micro\LM Flash Programmer\LMFlash.exe" 
Build target 'QuadrocopterFirmware'
compiling motion.c...
linking...
Program Size: Code=19956 RO-data=1596 RW-data=1644 ZI-data=3172  
User command #1: makebin.bat
C:\Users\Student\Documents\maskeryo\ARM code\test>"C:\Keil\ARM\ARMCC\bin\fromelf.exe" test.axf --bin --output out.bin 
"test.axf" - 0 Error(s), 0 Warning(s).
"C:\Program Files\Luminary Micro\LM Flash Programmer\LMFlash.exe" 
Build target 'QuadrocopterFirmware'
compiling motion.c...
linking...
Program Size: Code=19960 RO-data=1600 RW-data=1644 ZI-data=3172  
User command #1: makebin.bat
C:\Users\Student\Documents\maskeryo\ARM code\test>"C:\Keil\ARM\ARMCC\bin\fromelf.exe" test.axf --bin --output out.bin 
"test.axf" - 0 Error(s), 0 Warning(s).
"C:\Program Files\Luminary Micro\LM Flash Programmer\LMFlash.exe" 
Build target 'QuadrocopterFirmware'
compiling motion.c...
linking...
Program Size: Code=19968 RO-data=1600 RW-data=1644 ZI-data=3172  
User command #1: makebin.bat
C:\Users\Student\Documents\maskeryo\ARM code\test>"C:\Keil\ARM\ARMCC\bin\fromelf.exe" test.axf --bin --output out.bin 
"test.axf" - 0 Error(s), 0 Warning(s).
"C:\Program Files\Luminary Micro\LM Flash Programmer\LMFlash.exe" 
Build target 'QuadrocopterFirmware'
compiling motion.c...
linking...
Program Size: Code=19968 RO-data=1600 RW-data=1644 ZI-data=3172  
User command #1: makebin.bat
C:\Users\Student\Documents\maskeryo\ARM code\test>"C:\Keil\ARM\ARMCC\bin\fromelf.exe" test.axf --bin --output out.bin 
"test.axf" - 0 Error(s), 0 Warning(s).
"C:\Program Files\Luminary Micro\LM Flash Programmer\LMFlash.exe" 
