<html>
<body>
<pre>
<h1>µVision Build Log</h1>
<h2>Project:</h2>
C:\Users\Student\Documents\maskeryo\ARM code\test\test.uvproj
Project File Date:  02/12/2013

<h2>Output:</h2>
Rebuild target 'QuadrocopterFirmware'
assembling Startup.s...
compiling main.c...
compiling ssi.c...
compiling rit128x96x4.c...
compiling pwm.c...
compiling fpu.c...
compiling i2c.c...
compiling usart.c...
compiling mypwm.c...
compiling iic.c...
compiling timer.c...
compiling queue.c...
compiling init.c...
compiling motor.c...
compiling sensor.c...
compiling pid.c...
compiling system.c...
compiling behaviour.c...
compiling motion.c...
compiling flight.c...
linking...
Program Size: Code=14868 RO-data=1444 RW-data=1644 ZI-data=3156  
User command #1: makebin.bat
C:\Users\Student\Documents\maskeryo\ARM code\test>"C:\Keil\ARM\ARMCC\bin\fromelf.exe" test.axf --bin --output out.bin 
"test.axf" - 0 Error(s), 0 Warning(s).
"C:\Program Files\Luminary Micro\LM Flash Programmer\LMFlash.exe" 
Build target 'QuadrocopterFirmware'
compiling behaviour.c...
linking...
Program Size: Code=14868 RO-data=1444 RW-data=1644 ZI-data=3156  
User command #1: makebin.bat
C:\Users\Student\Documents\maskeryo\ARM code\test>"C:\Keil\ARM\ARMCC\bin\fromelf.exe" test.axf --bin --output out.bin 
"test.axf" - 0 Error(s), 0 Warning(s).
"C:\Program Files\Luminary Micro\LM Flash Programmer\LMFlash.exe" 
Build target 'QuadrocopterFirmware'
compiling behaviour.c...
linking...
Program Size: Code=14864 RO-data=1444 RW-data=1644 ZI-data=3156  
User command #1: makebin.bat
C:\Users\Student\Documents\maskeryo\ARM code\test>"C:\Keil\ARM\ARMCC\bin\fromelf.exe" test.axf --bin --output out.bin 
"test.axf" - 0 Error(s), 0 Warning(s).
"C:\Program Files\Luminary Micro\LM Flash Programmer\LMFlash.exe" 
Build target 'QuadrocopterFirmware'
compiling motion.c...
motion.c(125): error:  #140: too many arguments in function call
motion.c(127): error:  #140: too many arguments in function call
motion.c(129): error:  #140: too many arguments in function call
Target not created
Build target 'QuadrocopterFirmware'
compiling motion.c...
linking...
Program Size: Code=14924 RO-data=1444 RW-data=1644 ZI-data=3156  
User command #1: makebin.bat
C:\Users\Student\Documents\maskeryo\ARM code\test>"C:\Keil\ARM\ARMCC\bin\fromelf.exe" test.axf --bin --output out.bin 
"test.axf" - 0 Error(s), 0 Warning(s).
"C:\Program Files\Luminary Micro\LM Flash Programmer\LMFlash.exe" 
Build target 'QuadrocopterFirmware'
compiling behaviour.c...
linking...
Program Size: Code=14928 RO-data=1444 RW-data=1644 ZI-data=3156  
User command #1: makebin.bat
C:\Users\Student\Documents\maskeryo\ARM code\test>"C:\Keil\ARM\ARMCC\bin\fromelf.exe" test.axf --bin --output out.bin 
"test.axf" - 0 Error(s), 0 Warning(s).
"C:\Program Files\Luminary Micro\LM Flash Programmer\LMFlash.exe" 
Build target 'QuadrocopterFirmware'
compiling behaviour.c...
linking...
Program Size: Code=14928 RO-data=1444 RW-data=1644 ZI-data=3156  
User command #1: makebin.bat
C:\Users\Student\Documents\maskeryo\ARM code\test>"C:\Keil\ARM\ARMCC\bin\fromelf.exe" test.axf --bin --output out.bin 
"test.axf" - 0 Error(s), 0 Warning(s).
"C:\Program Files\Luminary Micro\LM Flash Programmer\LMFlash.exe" 
Build target 'QuadrocopterFirmware'
compiling behaviour.c...
linking...
Program Size: Code=14928 RO-data=1444 RW-data=1644 ZI-data=3156  
User command #1: makebin.bat
C:\Users\Student\Documents\maskeryo\ARM code\test>"C:\Keil\ARM\ARMCC\bin\fromelf.exe" test.axf --bin --output out.bin 
"test.axf" - 0 Error(s), 0 Warning(s).
"C:\Program Files\Luminary Micro\LM Flash Programmer\LMFlash.exe" 
Build target 'QuadrocopterFirmware'
compiling behaviour.c...
linking...
Program Size: Code=14932 RO-data=1444 RW-data=1644 ZI-data=3156  
User command #1: makebin.bat
C:\Users\Student\Documents\maskeryo\ARM code\test>"C:\Keil\ARM\ARMCC\bin\fromelf.exe" test.axf --bin --output out.bin 
"test.axf" - 0 Error(s), 0 Warning(s).
"C:\Program Files\Luminary Micro\LM Flash Programmer\LMFlash.exe" 
Build target 'QuadrocopterFirmware'
compiling behaviour.c...
linking...
Program Size: Code=14924 RO-data=1444 RW-data=1644 ZI-data=3156  
User command #1: makebin.bat
C:\Users\Student\Documents\maskeryo\ARM code\test>"C:\Keil\ARM\ARMCC\bin\fromelf.exe" test.axf --bin --output out.bin 
"test.axf" - 0 Error(s), 0 Warning(s).
"C:\Program Files\Luminary Micro\LM Flash Programmer\LMFlash.exe" 
