<html>
<body>
<pre>
<h1>µVision Build Log</h1>
<h2>Project:</h2>
C:\Users\Student\Documents\maskeryo\ARM code\test\test.uvproj
Project File Date:  02/12/2013

<h2>Output:</h2>
Build target 'QuadrocopterFirmware'
compiling main.c...
compiling usart.c...
compiling iic.c...
compiling init.c...
compiling sensor.c...
compiling system.c...
compiling behaviour.c...
behaviour.c(211): error:  #167: argument of type "motor" is incompatible with parameter of type "motor *"
behaviour.c(212): error:  #167: argument of type "motor" is incompatible with parameter of type "motor *"
compiling motion.c...
compiling flight.c...
Target not created
Build target 'QuadrocopterFirmware'
compiling behaviour.c...
linking...
Program Size: Code=14448 RO-data=1444 RW-data=1644 ZI-data=2124  
User command #1: makebin.bat
C:\Users\Student\Documents\maskeryo\ARM code\test>"C:\Keil\ARM\ARMCC\bin\fromelf.exe" test.axf --bin --output out.bin 
"test.axf" - 0 Error(s), 0 Warning(s).
"C:\Program Files\Luminary Micro\LM Flash Programmer\LMFlash.exe" 
Build target 'QuadrocopterFirmware'
compiling behaviour.c...
linking...
Program Size: Code=14600 RO-data=1444 RW-data=1644 ZI-data=2124  
User command #1: makebin.bat
C:\Users\Student\Documents\maskeryo\ARM code\test>"C:\Keil\ARM\ARMCC\bin\fromelf.exe" test.axf --bin --output out.bin 
"test.axf" - 0 Error(s), 0 Warning(s).
"C:\Program Files\Luminary Micro\LM Flash Programmer\LMFlash.exe" 
Build target 'QuadrocopterFirmware'
compiling behaviour.c...
linking...
Program Size: Code=14600 RO-data=1444 RW-data=1644 ZI-data=2124  
User command #1: makebin.bat
C:\Users\Student\Documents\maskeryo\ARM code\test>"C:\Keil\ARM\ARMCC\bin\fromelf.exe" test.axf --bin --output out.bin 
"test.axf" - 0 Error(s), 0 Warning(s).
Build target 'QuadrocopterFirmware'
linking...
Program Size: Code=14600 RO-data=1444 RW-data=1644 ZI-data=2124  
User command #1: makebin.bat
C:\Users\Student\Documents\maskeryo\ARM code\test>"C:\Keil\ARM\ARMCC\bin\fromelf.exe" test.axf --bin --output out.bin 
"test.axf" - 0 Error(s), 0 Warning(s).
"C:\Program Files\Luminary Micro\LM Flash Programmer\LMFlash.exe" 
Build target 'QuadrocopterFirmware'
compiling motion.c...
linking...
Program Size: Code=14628 RO-data=1444 RW-data=1644 ZI-data=2124  
User command #1: makebin.bat
C:\Users\Student\Documents\maskeryo\ARM code\test>"C:\Keil\ARM\ARMCC\bin\fromelf.exe" test.axf --bin --output out.bin 
"test.axf" - 0 Error(s), 0 Warning(s).
"C:\Program Files\Luminary Micro\LM Flash Programmer\LMFlash.exe" 
Build target 'QuadrocopterFirmware'
compiling motion.c...
linking...
Program Size: Code=14684 RO-data=1444 RW-data=1644 ZI-data=2124  
User command #1: makebin.bat
C:\Users\Student\Documents\maskeryo\ARM code\test>"C:\Keil\ARM\ARMCC\bin\fromelf.exe" test.axf --bin --output out.bin 
"test.axf" - 0 Error(s), 0 Warning(s).
Build target 'QuadrocopterFirmware'
compiling main.c...
compiling usart.c...
compiling iic.c...
compiling init.c...
compiling sensor.c...
compiling system.c...
compiling behaviour.c...
compiling motion.c...
compiling flight.c...
linking...
Program Size: Code=14684 RO-data=1444 RW-data=1644 ZI-data=2124  
User command #1: makebin.bat
C:\Users\Student\Documents\maskeryo\ARM code\test>"C:\Keil\ARM\ARMCC\bin\fromelf.exe" test.axf --bin --output out.bin 
"test.axf" - 0 Error(s), 0 Warning(s).
"C:\Program Files\Luminary Micro\LM Flash Programmer\LMFlash.exe" 
Build target 'QuadrocopterFirmware'
assembling Startup.s...
compiling main.c...
compiling timer.c...
compiling init.c...
compiling system.c...
compiling behaviour.c...
compiling motion.c...
motion.c(95): error:  #154: expression must have struct or union type
Target not created
Build target 'QuadrocopterFirmware'
compiling motion.c...
linking...
Program Size: Code=14784 RO-data=1444 RW-data=1644 ZI-data=2132  
User command #1: makebin.bat
C:\Users\Student\Documents\maskeryo\ARM code\test>"C:\Keil\ARM\ARMCC\bin\fromelf.exe" test.axf --bin --output out.bin 
"test.axf" - 0 Error(s), 0 Warning(s).
Build target 'QuadrocopterFirmware'
linking...
Program Size: Code=14784 RO-data=1444 RW-data=1644 ZI-data=2132  
User command #1: makebin.bat
C:\Users\Student\Documents\maskeryo\ARM code\test>"C:\Keil\ARM\ARMCC\bin\fromelf.exe" test.axf --bin --output out.bin 
"test.axf" - 0 Error(s), 0 Warning(s).
"C:\Program Files\Luminary Micro\LM Flash Programmer\LMFlash.exe" 
Build target 'QuadrocopterFirmware'
compiling main.c...
compiling usart.c...
compiling iic.c...
compiling init.c...
compiling sensor.c...
compiling system.c...
compiling behaviour.c...
compiling motion.c...
compiling flight.c...
linking...
Program Size: Code=14784 RO-data=1444 RW-data=1644 ZI-data=2132  
User command #1: makebin.bat
C:\Users\Student\Documents\maskeryo\ARM code\test>"C:\Keil\ARM\ARMCC\bin\fromelf.exe" test.axf --bin --output out.bin 
"test.axf" - 0 Error(s), 0 Warning(s).
"C:\Program Files\Luminary Micro\LM Flash Programmer\LMFlash.exe" 
Build target 'QuadrocopterFirmware'
compiling main.c...
compiling usart.c...
compiling iic.c...
compiling init.c...
compiling sensor.c...
compiling system.c...
compiling behaviour.c...
compiling motion.c...
compiling flight.c...
linking...
Program Size: Code=14784 RO-data=1444 RW-data=1644 ZI-data=2132  
User command #1: makebin.bat
C:\Users\Student\Documents\maskeryo\ARM code\test>"C:\Keil\ARM\ARMCC\bin\fromelf.exe" test.axf --bin --output out.bin 
"test.axf" - 0 Error(s), 0 Warning(s).
"C:\Program Files\Luminary Micro\LM Flash Programmer\LMFlash.exe" 
Build target 'QuadrocopterFirmware'
compiling main.c...
compiling usart.c...
usart.c(210): warning:  #186-D: pointless comparison of unsigned integer with zero
usart.c(222): error:  #147-D: declaration is incompatible with "void UsartWriteHex16(volatile usart *, uint8_t)" (declared at line 49 of "usart.h")
usart.c(228): error:  #147-D: declaration is incompatible with "void UsartWriteHex32(volatile usart *, uint8_t)" (declared at line 50 of "usart.h")
compiling mypwm.c...
compiling iic.c...
compiling init.c...
compiling motor.c...
compiling sensor.c...
compiling system.c...
compiling behaviour.c...
compiling motion.c...
compiling flight.c...
Target not created
Build target 'QuadrocopterFirmware'
compiling usart.c...
usart.c(222): error:  #147-D: declaration is incompatible with "void UsartWriteHex16(volatile usart *, uint8_t)" (declared at line 49 of "usart.h")
usart.c(228): error:  #147-D: declaration is incompatible with "void UsartWriteHex32(volatile usart *, uint8_t)" (declared at line 50 of "usart.h")
Target not created
Build target 'QuadrocopterFirmware'
compiling main.c...
compiling usart.c...
compiling mypwm.c...
compiling iic.c...
compiling init.c...
compiling motor.c...
compiling sensor.c...
compiling system.c...
compiling behaviour.c...
compiling motion.c...
compiling flight.c...
linking...
Program Size: Code=14856 RO-data=1444 RW-data=1644 ZI-data=2132  
User command #1: makebin.bat
C:\Users\Student\Documents\maskeryo\ARM code\test>"C:\Keil\ARM\ARMCC\bin\fromelf.exe" test.axf --bin --output out.bin 
"test.axf" - 0 Error(s), 0 Warning(s).
Build target 'QuadrocopterFirmware'
compiling init.c...
compiling motion.c...
linking...
Program Size: Code=14856 RO-data=1444 RW-data=1644 ZI-data=2132  
User command #1: makebin.bat
C:\Users\Student\Documents\maskeryo\ARM code\test>"C:\Keil\ARM\ARMCC\bin\fromelf.exe" test.axf --bin --output out.bin 
"test.axf" - 0 Error(s), 0 Warning(s).
"C:\Program Files\Luminary Micro\LM Flash Programmer\LMFlash.exe" 
Build target 'QuadrocopterFirmware'
compiling main.c...
compiling usart.c...
compiling mypwm.c...
compiling iic.c...
compiling init.c...
compiling motor.c...
compiling sensor.c...
compiling system.c...
compiling behaviour.c...
compiling motion.c...
compiling flight.c...
linking...
Program Size: Code=14900 RO-data=1444 RW-data=1644 ZI-data=2132  
User command #1: makebin.bat
C:\Users\Student\Documents\maskeryo\ARM code\test>"C:\Keil\ARM\ARMCC\bin\fromelf.exe" test.axf --bin --output out.bin 
"test.axf" - 0 Error(s), 0 Warning(s).
"C:\Program Files\Luminary Micro\LM Flash Programmer\LMFlash.exe" 
Build target 'QuadrocopterFirmware'
compiling motion.c...
linking...
Program Size: Code=14948 RO-data=1444 RW-data=1644 ZI-data=2132  
User command #1: makebin.bat
C:\Users\Student\Documents\maskeryo\ARM code\test>"C:\Keil\ARM\ARMCC\bin\fromelf.exe" test.axf --bin --output out.bin 
"test.axf" - 0 Error(s), 0 Warning(s).
"C:\Program Files\Luminary Micro\LM Flash Programmer\LMFlash.exe" 
Build target 'QuadrocopterFirmware'
compiling motion.c...
linking...
Program Size: Code=14952 RO-data=1444 RW-data=1644 ZI-data=2132  
User command #1: makebin.bat
C:\Users\Student\Documents\maskeryo\ARM code\test>"C:\Keil\ARM\ARMCC\bin\fromelf.exe" test.axf --bin --output out.bin 
"test.axf" - 0 Error(s), 0 Warning(s).
"C:\Program Files\Luminary Micro\LM Flash Programmer\LMFlash.exe" 
Build target 'QuadrocopterFirmware'
compiling usart.c...
compiling motion.c...
linking...
Program Size: Code=14888 RO-data=1444 RW-data=1644 ZI-data=2132  
User command #1: makebin.bat
C:\Users\Student\Documents\maskeryo\ARM code\test>"C:\Keil\ARM\ARMCC\bin\fromelf.exe" test.axf --bin --output out.bin 
"test.axf" - 0 Error(s), 0 Warning(s).
"C:\Program Files\Luminary Micro\LM Flash Programmer\LMFlash.exe" 
