<html>
<body>
<pre>
<h1>µVision Build Log</h1>
<h2>Project:</h2>
C:\Users\Student\Documents\maskeryo\ARM code\test\test.uvproj
Project File Date:  02/12/2013

<h2>Output:</h2>
Build target 'QuadrocopterFirmware'
compiling main.c...
compiling usart.c...
compiling iic.c...
compiling init.c...
compiling sensor.c...
compiling system.c...
compiling behaviour.c...
compiling motion.c...
compiling flight.c...
linking...
Program Size: Code=14888 RO-data=1444 RW-data=1644 ZI-data=2132  
User command #1: makebin.bat
C:\Users\Student\Documents\maskeryo\ARM code\test>"C:\Keil\ARM\ARMCC\bin\fromelf.exe" test.axf --bin --output out.bin 
"test.axf" - 0 Error(s), 0 Warning(s).
Rebuild target 'QuadrocopterFirmware'
assembling Startup.s...
compiling main.c...
compiling ssi.c...
compiling rit128x96x4.c...
compiling pwm.c...
compiling fpu.c...
compiling i2c.c...
compiling usart.c...
compiling mypwm.c...
compiling iic.c...
compiling timer.c...
compiling queue.c...
compiling init.c...
compiling motor.c...
compiling sensor.c...
compiling pid.c...
compiling system.c...
compiling behaviour.c...
compiling motion.c...
compiling flight.c...
linking...
Program Size: Code=14888 RO-data=1444 RW-data=1644 ZI-data=2132  
User command #1: makebin.bat
C:\Users\Student\Documents\maskeryo\ARM code\test>"C:\Keil\ARM\ARMCC\bin\fromelf.exe" test.axf --bin --output out.bin 
"test.axf" - 0 Error(s), 0 Warning(s).
"C:\Program Files\Luminary Micro\LM Flash Programmer\LMFlash.exe" 
Build target 'QuadrocopterFirmware'
compiling usart.c...
usart.c(232): error:  #147-D: declaration is incompatible with "void UsartWriteHex8(volatile usart *, uint8_t, int)" (declared at line 48 of "usart.h")
usart.c(243): error:  #147-D: declaration is incompatible with "void UsartWriteHex16(volatile usart *, uint16_t, int)" (declared at line 49 of "usart.h")
usart.c(252): error:  #147-D: declaration is incompatible with "void UsartWriteHex32(volatile usart *, uint32_t, int)" (declared at line 50 of "usart.h")
Target not created
Build target 'QuadrocopterFirmware'
compiling main.c...
compiling usart.c...
usart.c(207): error:  #147-D: declaration is incompatible with "void UsartWriteHex4(volatile usart *, uint8_t)" (declared at line 47 of "usart.h")
compiling mypwm.c...
compiling iic.c...
compiling init.c...
compiling motor.c...
compiling sensor.c...
compiling system.c...
compiling behaviour.c...
compiling motion.c...
motion.c(114): error:  #140: too many arguments in function call
motion.c(116): error:  #140: too many arguments in function call
motion.c(118): error:  #140: too many arguments in function call
motion.c(120): error:  #140: too many arguments in function call
compiling flight.c...
Target not created
Build target 'QuadrocopterFirmware'
compiling main.c...
compiling usart.c...
compiling mypwm.c...
compiling iic.c...
compiling init.c...
compiling motor.c...
compiling sensor.c...
compiling system.c...
compiling behaviour.c...
compiling motion.c...
motion.c(114): error:  #140: too many arguments in function call
motion.c(116): error:  #140: too many arguments in function call
motion.c(118): error:  #140: too many arguments in function call
motion.c(120): error:  #140: too many arguments in function call
compiling flight.c...
Target not created
Build target 'QuadrocopterFirmware'
compiling motion.c...
linking...
Program Size: Code=14916 RO-data=1444 RW-data=1644 ZI-data=2132  
User command #1: makebin.bat
C:\Users\Student\Documents\maskeryo\ARM code\test>"C:\Keil\ARM\ARMCC\bin\fromelf.exe" test.axf --bin --output out.bin 
"test.axf" - 0 Error(s), 0 Warning(s).
Build target 'QuadrocopterFirmware'
compiling main.c...
compiling usart.c...
compiling iic.c...
compiling init.c...
compiling sensor.c...
compiling system.c...
compiling behaviour.c...
compiling motion.c...
compiling flight.c...
linking...
Program Size: Code=14916 RO-data=1444 RW-data=1644 ZI-data=2132  
User command #1: makebin.bat
C:\Users\Student\Documents\maskeryo\ARM code\test>"C:\Keil\ARM\ARMCC\bin\fromelf.exe" test.axf --bin --output out.bin 
"test.axf" - 0 Error(s), 0 Warning(s).
"C:\Program Files\Luminary Micro\LM Flash Programmer\LMFlash.exe" 
Build target 'QuadrocopterFirmware'
compiling usart.c...
linking...
Program Size: Code=14924 RO-data=1444 RW-data=1644 ZI-data=2132  
User command #1: makebin.bat
C:\Users\Student\Documents\maskeryo\ARM code\test>"C:\Keil\ARM\ARMCC\bin\fromelf.exe" test.axf --bin --output out.bin 
"test.axf" - 0 Error(s), 0 Warning(s).
"C:\Program Files\Luminary Micro\LM Flash Programmer\LMFlash.exe" 
Build target 'QuadrocopterFirmware'
compiling pid.c...
linking...
Program Size: Code=14928 RO-data=1444 RW-data=1644 ZI-data=2132  
User command #1: makebin.bat
C:\Users\Student\Documents\maskeryo\ARM code\test>"C:\Keil\ARM\ARMCC\bin\fromelf.exe" test.axf --bin --output out.bin 
"test.axf" - 0 Error(s), 0 Warning(s).
"C:\Program Files\Luminary Micro\LM Flash Programmer\LMFlash.exe" 
Build target 'QuadrocopterFirmware'
compiling main.c...
compiling usart.c...
compiling iic.c...
compiling init.c...
compiling sensor.c...
compiling system.c...
compiling behaviour.c...
compiling motion.c...
motion.c(53): warning:  #177-D: variable "driftCoefficient" was declared but never referenced
motion.c(47): warning:  #177-D: variable "zeroDriftMax" was declared but never referenced
motion.c(48): warning:  #177-D: variable "zeroDrift" was declared but never referenced
compiling flight.c...
linking...
Program Size: Code=14868 RO-data=1444 RW-data=1644 ZI-data=2132  
User command #1: makebin.bat
C:\Users\Student\Documents\maskeryo\ARM code\test>"C:\Keil\ARM\ARMCC\bin\fromelf.exe" test.axf --bin --output out.bin 
"test.axf" - 0 Error(s), 3 Warning(s).
Build target 'QuadrocopterFirmware'
compiling motion.c...
linking...
Program Size: Code=14856 RO-data=1444 RW-data=1644 ZI-data=2132  
User command #1: makebin.bat
C:\Users\Student\Documents\maskeryo\ARM code\test>"C:\Keil\ARM\ARMCC\bin\fromelf.exe" test.axf --bin --output out.bin 
"test.axf" - 0 Error(s), 0 Warning(s).
"C:\Program Files\Luminary Micro\LM Flash Programmer\LMFlash.exe" 
Build target 'QuadrocopterFirmware'
compiling usart.c...
usart.c(214): warning:  #940-D: missing return statement at end of non-void function "NibbleToHex"
usart.c(235): error:  #167: argument of type "char *" is incompatible with parameter of type "volatile usart *"
usart.c(235): error:  #165: too few arguments in function call
usart.c(238): error:  #147-D: declaration is incompatible with "void UsartWriteHex4(volatile usart *, uint8_t, int)" (declared at line 47 of "usart.h")
Target not created
Build target 'QuadrocopterFirmware'
compiling usart.c...
usart.c(214): warning:  #940-D: missing return statement at end of non-void function "NibbleToHex"
usart.c(238): error:  #147-D: declaration is incompatible with "void UsartWriteHex4(volatile usart *, uint8_t, int)" (declared at line 47 of "usart.h")
Target not created
Build target 'QuadrocopterFirmware'
compiling usart.c...
usart.c(239): error:  #147-D: declaration is incompatible with "void UsartWriteHex4(volatile usart *, uint8_t, int)" (declared at line 47 of "usart.h")
Target not created
Build target 'QuadrocopterFirmware'
compiling usart.c...
usart.c(239): error:  #147-D: declaration is incompatible with "void UsartWriteHex4(volatile usart *, uint8_t, int)" (declared at line 47 of "usart.h")
Target not created
Build target 'QuadrocopterFirmware'
compiling main.c...
compiling usart.c...
compiling mypwm.c...
compiling iic.c...
compiling init.c...
compiling motor.c...
compiling sensor.c...
compiling system.c...
compiling behaviour.c...
compiling motion.c...
compiling flight.c...
linking...
Program Size: Code=14868 RO-data=1444 RW-data=1644 ZI-data=2132  
User command #1: makebin.bat
C:\Users\Student\Documents\maskeryo\ARM code\test>"C:\Keil\ARM\ARMCC\bin\fromelf.exe" test.axf --bin --output out.bin 
"test.axf" - 0 Error(s), 0 Warning(s).
"C:\Program Files\Luminary Micro\LM Flash Programmer\LMFlash.exe" 
Build target 'QuadrocopterFirmware'
compiling main.c...
compiling usart.c...
compiling iic.c...
compiling init.c...
compiling sensor.c...
compiling system.c...
compiling behaviour.c...
compiling motion.c...
compiling flight.c...
linking...
Program Size: Code=14864 RO-data=1444 RW-data=1644 ZI-data=2132  
User command #1: makebin.bat
C:\Users\Student\Documents\maskeryo\ARM code\test>"C:\Keil\ARM\ARMCC\bin\fromelf.exe" test.axf --bin --output out.bin 
"test.axf" - 0 Error(s), 0 Warning(s).
"C:\Program Files\Luminary Micro\LM Flash Programmer\LMFlash.exe" 
Build target 'QuadrocopterFirmware'
compiling behaviour.c...
linking...
Program Size: Code=14852 RO-data=1444 RW-data=1644 ZI-data=2132  
User command #1: makebin.bat
C:\Users\Student\Documents\maskeryo\ARM code\test>"C:\Keil\ARM\ARMCC\bin\fromelf.exe" test.axf --bin --output out.bin 
"test.axf" - 0 Error(s), 0 Warning(s).
"C:\Program Files\Luminary Micro\LM Flash Programmer\LMFlash.exe" 
Build target 'QuadrocopterFirmware'
compiling main.c...
linking...
Program Size: Code=14828 RO-data=1444 RW-data=1644 ZI-data=2132  
User command #1: makebin.bat
C:\Users\Student\Documents\maskeryo\ARM code\test>"C:\Keil\ARM\ARMCC\bin\fromelf.exe" test.axf --bin --output out.bin 
"test.axf" - 0 Error(s), 0 Warning(s).
"C:\Program Files\Luminary Micro\LM Flash Programmer\LMFlash.exe" 
Build target 'QuadrocopterFirmware'
compiling main.c...
compiling usart.c...
compiling iic.c...
compiling init.c...
compiling sensor.c...
compiling system.c...
compiling behaviour.c...
compiling motion.c...
compiling flight.c...
linking...
Program Size: Code=14852 RO-data=1444 RW-data=1644 ZI-data=3156  
User command #1: makebin.bat
C:\Users\Student\Documents\maskeryo\ARM code\test>"C:\Keil\ARM\ARMCC\bin\fromelf.exe" test.axf --bin --output out.bin 
"test.axf" - 0 Error(s), 0 Warning(s).
"C:\Program Files\Luminary Micro\LM Flash Programmer\LMFlash.exe" 
Build target 'QuadrocopterFirmware'
compiling main.c...
compiling usart.c...
compiling iic.c...
compiling init.c...
compiling sensor.c...
compiling system.c...
compiling behaviour.c...
compiling motion.c...
compiling flight.c...
linking...
Program Size: Code=14864 RO-data=1444 RW-data=1644 ZI-data=3156  
User command #1: makebin.bat
C:\Users\Student\Documents\maskeryo\ARM code\test>"C:\Keil\ARM\ARMCC\bin\fromelf.exe" test.axf --bin --output out.bin 
"test.axf" - 0 Error(s), 0 Warning(s).
"C:\Program Files\Luminary Micro\LM Flash Programmer\LMFlash.exe" 
Build target 'QuadrocopterFirmware'
compiling behaviour.c...
linking...
Program Size: Code=14860 RO-data=1444 RW-data=1644 ZI-data=3156  
User command #1: makebin.bat
C:\Users\Student\Documents\maskeryo\ARM code\test>"C:\Keil\ARM\ARMCC\bin\fromelf.exe" test.axf --bin --output out.bin 
"test.axf" - 0 Error(s), 0 Warning(s).
"C:\Program Files\Luminary Micro\LM Flash Programmer\LMFlash.exe" 
Build target 'QuadrocopterFirmware'
compiling behaviour.c...
linking...
Program Size: Code=14864 RO-data=1444 RW-data=1644 ZI-data=3156  
User command #1: makebin.bat
C:\Users\Student\Documents\maskeryo\ARM code\test>"C:\Keil\ARM\ARMCC\bin\fromelf.exe" test.axf --bin --output out.bin 
"test.axf" - 0 Error(s), 0 Warning(s).
"C:\Program Files\Luminary Micro\LM Flash Programmer\LMFlash.exe" 
Build target 'QuadrocopterFirmware'
compiling behaviour.c...
linking...
Program Size: Code=14864 RO-data=1444 RW-data=1644 ZI-data=3156  
User command #1: makebin.bat
C:\Users\Student\Documents\maskeryo\ARM code\test>"C:\Keil\ARM\ARMCC\bin\fromelf.exe" test.axf --bin --output out.bin 
"test.axf" - 0 Error(s), 0 Warning(s).
"C:\Program Files\Luminary Micro\LM Flash Programmer\LMFlash.exe" 
Build target 'QuadrocopterFirmware'
compiling behaviour.c...
linking...
Program Size: Code=14864 RO-data=1444 RW-data=1644 ZI-data=3156  
User command #1: makebin.bat
C:\Users\Student\Documents\maskeryo\ARM code\test>"C:\Keil\ARM\ARMCC\bin\fromelf.exe" test.axf --bin --output out.bin 
"test.axf" - 0 Error(s), 0 Warning(s).
"C:\Program Files\Luminary Micro\LM Flash Programmer\LMFlash.exe" 
Build target 'QuadrocopterFirmware'
compiling behaviour.c...
linking...
Program Size: Code=14864 RO-data=1444 RW-data=1644 ZI-data=3156  
User command #1: makebin.bat
C:\Users\Student\Documents\maskeryo\ARM code\test>"C:\Keil\ARM\ARMCC\bin\fromelf.exe" test.axf --bin --output out.bin 
"test.axf" - 0 Error(s), 0 Warning(s).
"C:\Program Files\Luminary Micro\LM Flash Programmer\LMFlash.exe" 
Build target 'QuadrocopterFirmware'
compiling behaviour.c...
linking...
Program Size: Code=14844 RO-data=1444 RW-data=1644 ZI-data=3156  
User command #1: makebin.bat
C:\Users\Student\Documents\maskeryo\ARM code\test>"C:\Keil\ARM\ARMCC\bin\fromelf.exe" test.axf --bin --output out.bin 
"test.axf" - 0 Error(s), 0 Warning(s).
Rebuild target 'QuadrocopterFirmware'
assembling Startup.s...
compiling main.c...
compiling ssi.c...
compiling rit128x96x4.c...
compiling pwm.c...
compiling fpu.c...
compiling i2c.c...
compiling usart.c...
compiling mypwm.c...
compiling iic.c...
compiling timer.c...
compiling queue.c...
compiling init.c...
compiling motor.c...
compiling sensor.c...
compiling pid.c...
compiling system.c...
compiling behaviour.c...
compiling motion.c...
compiling flight.c...
linking...
Program Size: Code=14844 RO-data=1444 RW-data=1644 ZI-data=3156  
User command #1: makebin.bat
C:\Users\Student\Documents\maskeryo\ARM code\test>"C:\Keil\ARM\ARMCC\bin\fromelf.exe" test.axf --bin --output out.bin 
"test.axf" - 0 Error(s), 0 Warning(s).
"C:\Program Files\Luminary Micro\LM Flash Programmer\LMFlash.exe" 
Rebuild target 'QuadrocopterFirmware'
assembling Startup.s...
compiling main.c...
compiling ssi.c...
compiling rit128x96x4.c...
compiling pwm.c...
compiling fpu.c...
compiling i2c.c...
compiling usart.c...
compiling mypwm.c...
compiling iic.c...
compiling timer.c...
compiling queue.c...
compiling init.c...
compiling motor.c...
compiling sensor.c...
compiling pid.c...
compiling system.c...
compiling behaviour.c...
compiling motion.c...
compiling flight.c...
linking...
Program Size: Code=14844 RO-data=1444 RW-data=1644 ZI-data=3156  
User command #1: makebin.bat
C:\Users\Student\Documents\maskeryo\ARM code\test>"C:\Keil\ARM\ARMCC\bin\fromelf.exe" test.axf --bin --output out.bin 
"test.axf" - 0 Error(s), 0 Warning(s).
Build target 'QuadrocopterFirmware'
compiling main.c...
compiling usart.c...
compiling iic.c...
compiling init.c...
compiling sensor.c...
compiling system.c...
compiling behaviour.c...
compiling motion.c...
compiling flight.c...
linking...
Program Size: Code=14844 RO-data=1444 RW-data=1644 ZI-data=3156  
User command #1: makebin.bat
C:\Users\Student\Documents\maskeryo\ARM code\test>"C:\Keil\ARM\ARMCC\bin\fromelf.exe" test.axf --bin --output out.bin 
"test.axf" - 0 Error(s), 0 Warning(s).
Rebuild target 'QuadrocopterFirmware'
assembling Startup.s...
compiling main.c...
compiling ssi.c...
compiling rit128x96x4.c...
compiling pwm.c...
compiling fpu.c...
compiling i2c.c...
compiling usart.c...
compiling mypwm.c...
compiling iic.c...
compiling timer.c...
compiling queue.c...
compiling init.c...
compiling motor.c...
compiling sensor.c...
compiling pid.c...
compiling system.c...
compiling behaviour.c...
compiling motion.c...
compiling flight.c...
linking...
Program Size: Code=14844 RO-data=1444 RW-data=1644 ZI-data=3156  
User command #1: makebin.bat
C:\Users\Student\Documents\maskeryo\ARM code\test>"C:\Keil\ARM\ARMCC\bin\fromelf.exe" test.axf --bin --output out.bin 
"test.axf" - 0 Error(s), 0 Warning(s).
"C:\Program Files\Luminary Micro\LM Flash Programmer\LMFlash.exe" 
Build target 'QuadrocopterFirmware'
compiling behaviour.c...
linking...
Program Size: Code=14856 RO-data=1444 RW-data=1644 ZI-data=3156  
User command #1: makebin.bat
C:\Users\Student\Documents\maskeryo\ARM code\test>"C:\Keil\ARM\ARMCC\bin\fromelf.exe" test.axf --bin --output out.bin 
"test.axf" - 0 Error(s), 0 Warning(s).
Rebuild target 'QuadrocopterFirmware'
assembling Startup.s...
compiling main.c...
compiling ssi.c...
compiling rit128x96x4.c...
compiling pwm.c...
compiling fpu.c...
compiling i2c.c...
compiling usart.c...
compiling mypwm.c...
compiling iic.c...
compiling timer.c...
compiling queue.c...
compiling init.c...
compiling motor.c...
compiling sensor.c...
compiling pid.c...
compiling system.c...
compiling behaviour.c...
compiling motion.c...
compiling flight.c...
linking...
Program Size: Code=14856 RO-data=1444 RW-data=1644 ZI-data=3156  
User command #1: makebin.bat
C:\Users\Student\Documents\maskeryo\ARM code\test>"C:\Keil\ARM\ARMCC\bin\fromelf.exe" test.axf --bin --output out.bin 
"test.axf" - 0 Error(s), 0 Warning(s).
Build target 'QuadrocopterFirmware'
linking...
Program Size: Code=14856 RO-data=1444 RW-data=1644 ZI-data=3156  
User command #1: makebin.bat
C:\Users\Student\Documents\maskeryo\ARM code\test>"C:\Keil\ARM\ARMCC\bin\fromelf.exe" test.axf --bin --output out.bin 
"test.axf" - 0 Error(s), 0 Warning(s).
Rebuild target 'QuadrocopterFirmware'
assembling Startup.s...
compiling main.c...
compiling ssi.c...
compiling rit128x96x4.c...
compiling pwm.c...
compiling fpu.c...
compiling i2c.c...
compiling usart.c...
compiling mypwm.c...
compiling iic.c...
compiling timer.c...
compiling queue.c...
compiling init.c...
compiling motor.c...
compiling sensor.c...
compiling pid.c...
compiling system.c...
compiling behaviour.c...
compiling motion.c...
compiling flight.c...
linking...
Program Size: Code=14856 RO-data=1444 RW-data=1644 ZI-data=3156  
User command #1: makebin.bat
C:\Users\Student\Documents\maskeryo\ARM code\test>"C:\Keil\ARM\ARMCC\bin\fromelf.exe" test.axf --bin --output out.bin 
"test.axf" - 0 Error(s), 0 Warning(s).
"C:\Program Files\Luminary Micro\LM Flash Programmer\LMFlash.exe" 
Build target 'QuadrocopterFirmware'
compiling main.c...
compiling usart.c...
compiling iic.c...
compiling init.c...
compiling sensor.c...
compiling system.c...
compiling behaviour.c...
compiling motion.c...
compiling flight.c...
linking...
Program Size: Code=14856 RO-data=1444 RW-data=1644 ZI-data=3156  
User command #1: makebin.bat
C:\Users\Student\Documents\maskeryo\ARM code\test>"C:\Keil\ARM\ARMCC\bin\fromelf.exe" test.axf --bin --output out.bin 
"test.axf" - 0 Error(s), 0 Warning(s).
"C:\Program Files\Luminary Micro\LM Flash Programmer\LMFlash.exe" 
