<html>
<body>
<pre>
<h1>µVision Build Log</h1>
<h2>Project:</h2>
D:\Dropbox\University\FYP\work\ARM\test\test.uvproj
Project File Date:  01/21/2013

<h2>Output:</h2>
Clean started: Project: 'test'
   deleting intermediate output files for target 'QuadrocopterFirmware'
Rebuild target 'QuadrocopterFirmware'
assembling Startup.s...
compiling main.c...
compiling ssi.c...
compiling rit128x96x4.c...
compiling pwm.c...
compiling usart.c...
compiling mypwm.c...
compiling queue.c...
compiling init.c...
compiling motor.c...
compiling sensor.c...
compiling pid.c...
pid.h(17): error:  #20: identifier "gain_t" is undefined
pid.h(17): error:  #20: identifier "gain_t" is undefined
pid.h(17): error:  #20: identifier "gain_t" is undefined
pid.h(18): error:  #20: identifier "position_t" is undefined
pid.h(19): error:  #20: identifier "position_t" is undefined
pid.c(3): error:  #20: identifier "gain_t" is undefined
pid.c(3): error:  #20: identifier "gain_t" is undefined
pid.c(3): error:  #20: identifier "gain_t" is undefined
pid.c(18): error:  #20: identifier "position_t" is undefined
pid.c(23): error:  #20: identifier "position_t" is undefined
Target not created
Build target 'QuadrocopterFirmware'
compiling pid.c...
pid.c(3): error:  #20: identifier "gain_t" is undefined
pid.c(3): error:  #20: identifier "gain_t" is undefined
pid.c(3): error:  #20: identifier "gain_t" is undefined
pid.c(18): error:  #20: identifier "position_t" is undefined
pid.c(23): error:  #20: identifier "position_t" is undefined
Target not created
Build target 'QuadrocopterFirmware'
compiling pid.c...
linking...
Program Size: Code=13596 RO-data=1324 RW-data=332 ZI-data=1516  
User command #1: D:\Dropbox\University\FYP\work\ARM\test\makebin.bat
D:\Dropbox\University\FYP\work\ARM\test>D:\Apps\Keil\ARM\ARMCC\bin\fromelf.exe test.axf --bin --output out.bin 
"test.axf" - 0 Error(s), 0 Warning(s).
Clean started: Project: 'test'
   deleting intermediate output files for target 'QuadrocopterFirmware'
