<html>
<body>
<pre>
<h1>µVision Build Log</h1>
<h2>Project:</h2>
C:\Users\Student\Documents\maskeryo\ARM code\test\test.uvproj
Project File Date:  05/10/2013

<h2>Output:</h2>
Build target 'QuadrocopterFirmware'
assembling Startup.s...
compiling main.c...
compiling ssi.c...
compiling rit128x96x4.c...
compiling pwm.c...
compiling fpu.c...
compiling i2c.c...
compiling usart.c...
compiling mypwm.c...
compiling iic.c...
compiling timer.c...
compiling queue.c...
compiling init.c...
compiling motor.c...
compiling sensor.c...
compiling pid.c...
compiling system.c...
compiling behaviour.c...
compiling motion.c...
compiling flight.c...
logic_layer\flight.c(38): warning:  #550-D: variable "deltaRoll" was set but never used
logic_layer\flight.c(38): warning:  #550-D: variable "deltaPitch" was set but never used
linking...
Program Size: Code=19748 RO-data=1596 RW-data=1644 ZI-data=3252  
User command #1: makebin.bat
C:\Users\Student\Documents\maskeryo\ARM code\test>"C:\Keil\ARM\ARMCC\bin\fromelf.exe" test.axf --bin --output out.bin 
"test.axf" - 0 Error(s), 2 Warning(s).
